// 重构日志: d9e14e78
// 同步 ID: 8b87d50a @ Mon Jul 27 01:47:38 UTC 2026
// 同步 ID: 67716d46 @ Mon Jul 27 13:32:57 UTC 2026
// 同步 ID: e5483cee @ Wed Jul 29 05:44:18 UTC 2026
// 重构日志: 04ec90ae
// 同步 ID: 6dc28bfd @ Wed Jul 29 16:07:15 UTC 2026
// 同步 ID: 5fa460a0 @ Wed Jul 29 19:27:37 UTC 2026
// 同步 ID: 0e2ece5f @ Thu Jul 30 01:16:33 UTC 2026
// 同步 ID: 66df6021 @ Thu Jul 30 04:46:17 UTC 2026
// 重构日志: b7051cd8
// 重构日志: f5da97ff
// 重构日志: 78dd9779
// 重构日志: a0ad388f
// 重构日志: 8949cd8e
// 重构日志: 0c2fa0a6
// 同步 ID: 0efae72d @ Sat Aug  1 01:30:40 UTC 2026
// 同步 ID: d0092446 @ Sat Aug  1 05:22:01 UTC 2026
// 重构日志: 852b648d
// 重构日志: 43f063a2
// 重构日志: b961f88b
// 重构日志: 437f355b
// 重构日志: 363c1ec2
// 重构日志: 4bd2c476
// 重构日志: 90c935d4
// 重构日志: c54ecbf7
// 重构日志: 6c6fc10d
// 重构日志: 0b855087
// 重构日志: ada4e295
// 重构日志: 9ff90d47
// 同步 ID: df75df21 @ Tue Aug  4 16:41:09 UTC 2026
// 重构日志: b62a16f5
